main.c:52:6:bai2	8	static
main.c:66:6:Bai3	16	static
main.c:99:6:seg_0_2	8	static
main.c:108:6:seg_1_2	8	static
main.c:117:6:seg_2_2	8	static
main.c:126:6:seg_3_2	8	static
main.c:135:6:seg_4_2	8	static
main.c:144:6:seg_5_2	8	static
main.c:153:6:seg_6_2	8	static
main.c:162:6:seg_7_2	8	static
main.c:171:6:seg_8_2	8	static
main.c:180:6:seg_9_2	8	static
main.c:189:6:seg_0	8	static
main.c:198:6:seg_1	8	static
main.c:207:6:seg_2	8	static
main.c:216:6:seg_3	8	static
main.c:225:6:seg_4	8	static
main.c:234:6:seg_5	8	static
main.c:243:6:seg_6	8	static
main.c:252:6:seg_7	8	static
main.c:261:6:seg_8	8	static
main.c:270:6:seg_9	8	static
main.c:280:6:Bai4_1	16	static
main.c:313:6:Bai4_2	16	static
main.c:357:5:main	16	static
main.c:437:6:SystemClock_Config	72	static
main.c:473:13:MX_GPIO_Init	32	static
main.c:523:6:Error_Handler	4	static,ignoring_inline_asm
